// Jest Snapshot v1, https://goo.gl/fbAQLP

exports[`Test on <HomePage /> container should render with no props 1`] = `
<section>
  <p>
    Hey
  </p>
</section>
`;
