// Jest Snapshot v1, https://goo.gl/fbAQLP

exports[`Test on <Component404 /> container should render with no props 1`] = `
<section
  className="container containerMin p-0"
>
  <div
    className="row"
  >
    <div
      className="col"
    >
      <h2
        className="pb-4 mb-0 text-muted"
      >
        Sorry, we couldn't find the page you're looking for! 
        <i
          className="far ml-4 text-danger fa-hand-paper"
        />
      </h2>
      <p
        className="pb-5"
      >
        Try searching for new products above, or return to our Homepage.
      </p>
      <button
        className="standardButton"
        onClick={[Function]}
      >
        Homepage
      </button>
    </div>
  </div>
</section>
`;
